[2026-06-09 16:58:50] === Stage 1: clean + build dosage partitions + register ===
Source: 24000 rows | fraud=2752 non-fraud=21248 | fraud rate=11.5%
[car_d1] config written -> tabdiff/configs/tabdiff_configs_car_d1.toml
[car_d1] already registered — skipping
[car_d2] config written -> tabdiff/configs/tabdiff_configs_car_d2.toml
[car_d2] already registered — skipping
[car_d3] config written -> tabdiff/configs/tabdiff_configs_car_d3.toml
[car_d3] already registered — skipping
[car_d4] config written -> tabdiff/configs/tabdiff_configs_car_d4.toml
[car_d4] already registered — skipping

Preparation complete. Run run_car_app2.sh to train and generate.
[2026-06-09 16:58:53] Original config backed up -> tabdiff/configs/tabdiff_configs.toml.bak
[2026-06-09 16:58:53] === Stage 2+3: train + generate (M=4 dosage models) ===
[2026-06-09 16:58:53] >>> [car_d1] TRAIN start (fraud only)
[2026-06-09 17:41:10] <<< [car_d1] TRAIN done
[2026-06-09 17:41:10] >>> [car_d1] GENERATE (625 fraud rows, chunk=4096, max_iters=6)
[2026-06-09 17:41:32] <<< [car_d1] GENERATE done -> synthetic_outputs/car_app2/car_d1_fraud.csv
[2026-06-09 17:41:32] >>> [car_d2] TRAIN start (fraud + 25% majority)
[2026-06-09 18:03:02] === Stage 1: clean + build dosage partitions + register ===
Source: 24000 rows | fraud=2752 non-fraud=21248 | fraud rate=11.5%
[car_d1] config written -> tabdiff/configs/tabdiff_configs_car_d1.toml
[car_d1] already registered — skipping
[car_d2] config written -> tabdiff/configs/tabdiff_configs_car_d2.toml
[car_d2] already registered — skipping
[car_d3] config written -> tabdiff/configs/tabdiff_configs_car_d3.toml
[car_d3] already registered — skipping
[car_d4] config written -> tabdiff/configs/tabdiff_configs_car_d4.toml
[car_d4] already registered — skipping

Preparation complete. Run run_car_app2.sh to train and generate.
[2026-06-09 18:03:06] Original config backed up -> tabdiff/configs/tabdiff_configs.toml.bak
[2026-06-09 18:03:06] === Stage 2+3: train + generate (M=4 dosage models) ===
[2026-06-09 18:03:06] [car_d1] output already exists — skipping
[2026-06-09 18:03:06] >>> [car_d2] TRAIN start (fraud + 25% majority)
[2026-06-09 19:27:20] <<< [car_d2] TRAIN done
[2026-06-09 19:27:20] >>> [car_d2] GENERATE (625 fraud rows, chunk=4096, max_iters=6)
[2026-06-09 19:27:37] <<< [car_d2] GENERATE done -> synthetic_outputs/car_app2/car_d2_fraud.csv
[2026-06-09 19:27:37] >>> [car_d3] TRAIN start (fraud + 50% majority)
[2026-06-09 22:07:17] <<< [car_d3] TRAIN done
[2026-06-09 22:07:17] >>> [car_d3] GENERATE (625 fraud rows, chunk=4096, max_iters=10)
[2026-06-09 22:07:56] <<< [car_d3] GENERATE done -> synthetic_outputs/car_app2/car_d3_fraud.csv
[2026-06-09 22:07:56] >>> [car_d4] TRAIN start (fraud + 100% majority)
[2026-06-10 02:40:42] <<< [car_d4] TRAIN done
[2026-06-10 02:40:42] >>> [car_d4] GENERATE (625 fraud rows, chunk=8192, max_iters=15)
[2026-06-10 02:41:35] <<< [car_d4] GENERATE done -> synthetic_outputs/car_app2/car_d4_fraud.csv
[2026-06-10 02:41:35] === Stage 4: pool dosage outputs -> synthetic_outputs/car_app2/pooled_fraud.csv ===
Pooled 2500 rows from 4 dosage models | class counts: {1: 2500}
  model 1: 625 fraud rows  <-  synthetic_outputs/car_app2/car_d1_fraud.csv
  model 2: 625 fraud rows  <-  synthetic_outputs/car_app2/car_d2_fraud.csv
  model 3: 625 fraud rows  <-  synthetic_outputs/car_app2/car_d3_fraud.csv
  model 4: 625 fraud rows  <-  synthetic_outputs/car_app2/car_d4_fraud.csv
[2026-06-10 02:41:35] === Approach 2 (car_fraud) run finished ===
[2026-06-10 02:41:35]     Pooled synthetic fraud  -> synthetic_outputs/car_app2/pooled_fraud.csv
[2026-06-10 02:41:35]     Logs                    -> logs/car_app2/
[2026-06-10 02:41:35]     Per-model fraud CSVs    -> synthetic_outputs/car_app2/car_d*_fraud.csv
[2026-06-10 02:41:35] Original TabDiff config restored.
